c:\git\console\c++ss_enhance\consoleapplication1\x64\debug\vc143.pdb
c:\git\console\c++ss_enhance\consoleapplication1\x64\debug\vc143.idb
c:\git\console\c++ss_enhance\consoleapplication1\x64\debug\screenbuffer.obj
c:\git\console\c++ss_enhance\consoleapplication1\x64\debug\consolesession.obj
c:\git\console\c++ss_enhance\consoleapplication1\x64\debug\consolepresenter.obj
c:\git\console\c++ss_enhance\consoleapplication1\x64\debug\consoleinput.obj
c:\git\console\c++ss_enhance\consoleapplication1\x64\debug\main.obj
c:\git\console\c++ss_enhance\consoleapplication1\x64\debug\titlescene.obj
c:\git\console\c++ss_enhance\consoleapplication1\x64\debug\resultscene.obj
c:\git\console\c++ss_enhance\consoleapplication1\x64\debug\gamehudrenderer.obj
c:\git\console\c++ss_enhance\consoleapplication1\x64\debug\forgingscene.obj
c:\git\console\c++ss_enhance\consoleapplication1\x64\debug\forgescene.obj
c:\git\console\c++ss_enhance\consoleapplication1\x64\debug\particlesystem.obj
c:\git\console\c++ss_enhance\consoleapplication1\x64\debug\sword.obj
c:\git\console\c++ss_enhance\consoleapplication1\x64\debug\playerprogress.obj
c:\git\console\c++ss_enhance\consoleapplication1\x64\debug\forgesession.obj
c:\git\console\c++ss_enhance\consoleapplication1\x64\debug\forgerules.obj
c:\git\console\c++ss_enhance\consoleapplication1\x64\debug\randomprovider.obj
c:\git\console\c++ss_enhance\consoleapplication1\x64\debug\gameapplication.obj
c:\git\console\c++ss_enhance\x64\debug\consoleapplication1.exe
c:\git\console\c++ss_enhance\x64\debug\consoleapplication1.pdb
c:\git\console\c++ss_enhance\consoleapplication1\x64\debug\consoleapplication1.ilk
c:\git\console\c++ss_enhance\consoleapplication1\x64\debug\consolea.ae74c436.tlog\cl.command.1.tlog
c:\git\console\c++ss_enhance\consoleapplication1\x64\debug\consolea.ae74c436.tlog\cl.items.tlog
c:\git\console\c++ss_enhance\consoleapplication1\x64\debug\consolea.ae74c436.tlog\cl.read.1.tlog
c:\git\console\c++ss_enhance\consoleapplication1\x64\debug\consolea.ae74c436.tlog\cl.write.1.tlog
c:\git\console\c++ss_enhance\consoleapplication1\x64\debug\consolea.ae74c436.tlog\link.command.1.tlog
c:\git\console\c++ss_enhance\consoleapplication1\x64\debug\consolea.ae74c436.tlog\link.read.1.tlog
c:\git\console\c++ss_enhance\consoleapplication1\x64\debug\consolea.ae74c436.tlog\link.secondary.1.tlog
c:\git\console\c++ss_enhance\consoleapplication1\x64\debug\consolea.ae74c436.tlog\link.write.1.tlog
